[
  {
    "type": "comment",
    "comment": " body style definition "
  },
  {
    "type": "rule",
    "selectors": [
      "body"
    ],
    "declarations": [
      {
        "type": "declaration",
        "property": "background",
        "value": "#eee"
      },
      {
        "type": "declaration",
        "property": "color",
        "value": "#888"
      }
    ]
  },
  {
    "type": "comment",
    "comment": " \n## Github buttons\n### Licensed under Unlicense\n http://github.com/necolas/css3-github-buttons\n \nThis is an example bundled with Kalei(not used in Kalei)\n\n "
  },
  {
    "type": "comment",
    "comment": " \n## Base Button\n```\n<a href=\"#\" class=\"button primary\">Publish post</a> \n<a href=\"#\" class=\"button\">Save as draft</a>\n```\n## Grouped buttons\n\nGroups of buttons can be created by wrapping them in an element given a class of button-group. A less important group of buttons can be marked out by adding a further class, minor-group.\n \n```\n<ul class=\"button-group\">\n    <li><a href=\"#\" class=\"button primary pill\">Dashboard</a></li>\n    <li><a href=\"#\" class=\"button pill\">Inbox</a></li>\n    <li><a href=\"#\" class=\"button pill\">Account</a></li>\n    <li><a href=\"#\" class=\"button pill\">Logout</a></li>\n</ul>\n```\n## Mixed group\nDisplaying a mixture of grouped and standalone buttons, as might be seen in a toolbar, can be done by adding another wrapping element with the class button-container.\n```\n<div class=\"actions button-container\">\n    <a href=\"#\" class=\"button primary\">Compose new</a>\n    \n    <div class=\"button-group\">\n        <a href=\"#\" class=\"button primary\">Archive</a>\n        <a href=\"#\" class=\"button\">Report spam</a>\n        <a href=\"#\" class=\"button danger\">Delete</a>\n    </div>\n                        \n    <div class=\"button-group minor-group\">\n        <a href=\"#\" class=\"button\">Move to</a>\n        <a href=\"#\" class=\"button\">Labels</a>\n    </div>\n</div>\n```\n\n "
  },
  {
    "type": "rule",
    "selectors": [
      ".button"
    ],
    "declarations": [
      {
        "type": "declaration",
        "property": "position",
        "value": "relative"
      },
      {
        "type": "declaration",
        "property": "overflow",
        "value": "visible"
      },
      {
        "type": "declaration",
        "property": "display",
        "value": "inline-block"
      },
      {
        "type": "declaration",
        "property": "padding",
        "value": "0.5em 1em"
      },
      {
        "type": "declaration",
        "property": "border",
        "value": "1px solid #d4d4d4"
      },
      {
        "type": "declaration",
        "property": "margin",
        "value": "0"
      },
      {
        "type": "declaration",
        "property": "text-decoration",
        "value": "none"
      },
      {
        "type": "declaration",
        "property": "text-align",
        "value": "center"
      },
      {
        "type": "declaration",
        "property": "text-shadow",
        "value": "1px 1px 0 #fff"
      },
      {
        "type": "declaration",
        "property": "font",
        "value": "11px/normal sans-serif"
      },
      {
        "type": "declaration",
        "property": "color",
        "value": "#333"
      },
      {
        "type": "declaration",
        "property": "white-space",
        "value": "nowrap"
      },
      {
        "type": "declaration",
        "property": "cursor",
        "value": "pointer"
      },
      {
        "type": "declaration",
        "property": "outline",
        "value": "none"
      },
      {
        "type": "declaration",
        "property": "background-color",
        "value": "#ececec"
      },
      {
        "type": "declaration",
        "property": "background-image",
        "value": "-webkit-gradient(linear, 0 0, 0 100%, from(#f4f4f4), to(#ececec))"
      },
      {
        "type": "declaration",
        "property": "background-image",
        "value": "-moz-linear-gradient(#f4f4f4, #ececec)"
      },
      {
        "type": "declaration",
        "property": "background-image",
        "value": "-ms-linear-gradient(#f4f4f4, #ececec)"
      },
      {
        "type": "declaration",
        "property": "background-image",
        "value": "-o-linear-gradient(#f4f4f4, #ececec)"
      },
      {
        "type": "declaration",
        "property": "background-image",
        "value": "linear-gradient(#f4f4f4, #ececec)"
      },
      {
        "type": "declaration",
        "property": "-moz-background-clip",
        "value": "padding"
      },
      {
        "type": "comment",
        "comment": " for Firefox 3.6 "
      },
      {
        "type": "declaration",
        "property": "background-clip",
        "value": "padding-box"
      },
      {
        "type": "declaration",
        "property": "border-radius",
        "value": "0.2em"
      },
      {
        "type": "comment",
        "comment": " IE hacks "
      },
      {
        "type": "declaration",
        "property": "zoom",
        "value": "1"
      },
      {
        "type": "declaration",
        "property": "*display",
        "value": "inline"
      }
    ]
  },
  {
    "type": "rule",
    "selectors": [
      ".button:hover",
      ".button:focus",
      ".button:active",
      ".button.active"
    ],
    "declarations": [
      {
        "type": "declaration",
        "property": "border-color",
        "value": "#3072b3"
      },
      {
        "type": "declaration",
        "property": "border-bottom-color",
        "value": "#2a65a0"
      },
      {
        "type": "declaration",
        "property": "text-decoration",
        "value": "none"
      },
      {
        "type": "declaration",
        "property": "text-shadow",
        "value": "-1px -1px 0 rgba(0,0,0,0.3)"
      },
      {
        "type": "declaration",
        "property": "color",
        "value": "#fff"
      },
      {
        "type": "declaration",
        "property": "background-color",
        "value": "#3c8dde"
      },
      {
        "type": "declaration",
        "property": "background-image",
        "value": "-webkit-gradient(linear, 0 0, 0 100%, from(#599bdc), to(#3072b3))"
      },
      {
        "type": "declaration",
        "property": "background-image",
        "value": "-moz-linear-gradient(#599bdc, #3072b3)"
      },
      {
        "type": "declaration",
        "property": "background-image",
        "value": "-o-linear-gradient(#599bdc, #3072b3)"
      },
      {
        "type": "declaration",
        "property": "background-image",
        "value": "linear-gradient(#599bdc, #3072b3)"
      }
    ]
  },
  {
    "type": "rule",
    "selectors": [
      ".button:active",
      ".button.active"
    ],
    "declarations": [
      {
        "type": "declaration",
        "property": "border-color",
        "value": "#2a65a0"
      },
      {
        "type": "declaration",
        "property": "border-bottom-color",
        "value": "#3884cd"
      },
      {
        "type": "declaration",
        "property": "background-color",
        "value": "#3072b3"
      },
      {
        "type": "declaration",
        "property": "background-image",
        "value": "-webkit-gradient(linear, 0 0, 0 100%, from(#3072b3), to(#599bdc))"
      },
      {
        "type": "declaration",
        "property": "background-image",
        "value": "-moz-linear-gradient(#3072b3, #599bdc)"
      },
      {
        "type": "declaration",
        "property": "background-image",
        "value": "-ms-linear-gradient(#3072b3, #599bdc)"
      },
      {
        "type": "declaration",
        "property": "background-image",
        "value": "-o-linear-gradient(#3072b3, #599bdc)"
      },
      {
        "type": "declaration",
        "property": "background-image",
        "value": "linear-gradient(#3072b3, #599bdc)"
      }
    ]
  },
  {
    "type": "rule",
    "selectors": [
      ".button::-moz-focus-inner"
    ],
    "declarations": [
      {
        "type": "declaration",
        "property": "padding",
        "value": "0"
      },
      {
        "type": "declaration",
        "property": "border",
        "value": "0"
      }
    ]
  },
  {
    "type": "rule",
    "selectors": [
      ".button.icon:before"
    ],
    "declarations": [
      {
        "type": "declaration",
        "property": "content",
        "value": "\"\""
      },
      {
        "type": "declaration",
        "property": "position",
        "value": "relative"
      },
      {
        "type": "declaration",
        "property": "top",
        "value": "1px"
      },
      {
        "type": "declaration",
        "property": "float",
        "value": "left"
      },
      {
        "type": "declaration",
        "property": "width",
        "value": "12px"
      },
      {
        "type": "declaration",
        "property": "height",
        "value": "12px"
      },
      {
        "type": "declaration",
        "property": "margin",
        "value": "0 0.75em 0 -0.25em"
      },
      {
        "type": "declaration",
        "property": "background",
        "value": "url(gh-icons.png) 0 99px no-repeat"
      }
    ]
  },
  {
    "type": "rule",
    "selectors": [
      ".button.arrowup.icon:before"
    ],
    "declarations": [
      {
        "type": "declaration",
        "property": "background-position",
        "value": "0 0"
      }
    ]
  },
  {
    "type": "rule",
    "selectors": [
      ".button.arrowup.icon:hover:before",
      ".button.arrowup.icon:focus:before",
      ".button.arrowup.icon:active:before"
    ],
    "declarations": [
      {
        "type": "declaration",
        "property": "background-position",
        "value": "-12px 0"
      }
    ]
  },
  {
    "type": "rule",
    "selectors": [
      ".button.arrowdown.icon:before"
    ],
    "declarations": [
      {
        "type": "declaration",
        "property": "background-position",
        "value": "0 -12px"
      }
    ]
  },
  {
    "type": "rule",
    "selectors": [
      ".button.arrowdown.icon:hover:before",
      ".button.arrowdown.icon:focus:before",
      ".button.arrowdown.icon:active:before"
    ],
    "declarations": [
      {
        "type": "declaration",
        "property": "background-position",
        "value": "-12px -12px"
      }
    ]
  },
  {
    "type": "rule",
    "selectors": [
      ".button.arrowleft.icon:before"
    ],
    "declarations": [
      {
        "type": "declaration",
        "property": "background-position",
        "value": "0 -24px"
      }
    ]
  },
  {
    "type": "rule",
    "selectors": [
      ".button.arrowleft.icon:hover:before",
      ".button.arrowleft.icon:focus:before",
      ".button.arrowleft.icon:active:before"
    ],
    "declarations": [
      {
        "type": "declaration",
        "property": "background-position",
        "value": "-12px -24px"
      }
    ]
  },
  {
    "type": "rule",
    "selectors": [
      ".button.arrowright.icon:before"
    ],
    "declarations": [
      {
        "type": "declaration",
        "property": "float",
        "value": "right"
      },
      {
        "type": "declaration",
        "property": "margin",
        "value": "0 -0.25em 0 0.5em"
      },
      {
        "type": "declaration",
        "property": "background-position",
        "value": "0 -36px"
      }
    ]
  },
  {
    "type": "rule",
    "selectors": [
      ".button.arrowright.icon:hover:before",
      ".button.arrowright.icon:focus:before",
      ".button.arrowright.icon:active:before"
    ],
    "declarations": [
      {
        "type": "declaration",
        "property": "background-position",
        "value": "-12px -36px"
      }
    ]
  },
  {
    "type": "rule",
    "selectors": [
      ".button.approve.icon:before"
    ],
    "declarations": [
      {
        "type": "declaration",
        "property": "background-position",
        "value": "0 -48px"
      }
    ]
  },
  {
    "type": "rule",
    "selectors": [
      ".button.approve.icon:hover:before",
      ".button.approve.icon:focus:before",
      ".button.approve.icon:active:before"
    ],
    "declarations": [
      {
        "type": "declaration",
        "property": "background-position",
        "value": "-12px -48px"
      }
    ]
  },
  {
    "type": "rule",
    "selectors": [
      ".button.add.icon:before"
    ],
    "declarations": [
      {
        "type": "declaration",
        "property": "background-position",
        "value": "0 -288px"
      }
    ]
  },
  {
    "type": "rule",
    "selectors": [
      ".button.add.icon:hover:before",
      ".button.add.icon:focus:before",
      ".button.add.icon:active:before"
    ],
    "declarations": [
      {
        "type": "declaration",
        "property": "background-position",
        "value": "-12px -288px"
      }
    ]
  },
  {
    "type": "rule",
    "selectors": [
      ".button.remove.icon:before"
    ],
    "declarations": [
      {
        "type": "declaration",
        "property": "background-position",
        "value": "0 -60px"
      }
    ]
  },
  {
    "type": "rule",
    "selectors": [
      ".button.remove.icon:hover:before",
      ".button.remove.icon:focus:before",
      ".button.remove.icon:active:before"
    ],
    "declarations": [
      {
        "type": "declaration",
        "property": "background-position",
        "value": "-12px -60px"
      }
    ]
  },
  {
    "type": "rule",
    "selectors": [
      ".button.log.icon:before"
    ],
    "declarations": [
      {
        "type": "declaration",
        "property": "background-position",
        "value": "0 -72px"
      }
    ]
  },
  {
    "type": "rule",
    "selectors": [
      ".button.log.icon:hover:before",
      ".button.log.icon:focus:before",
      ".button.log.icon:active:before"
    ],
    "declarations": [
      {
        "type": "declaration",
        "property": "background-position",
        "value": "-12px -72px"
      }
    ]
  },
  {
    "type": "rule",
    "selectors": [
      ".button.calendar.icon:before"
    ],
    "declarations": [
      {
        "type": "declaration",
        "property": "background-position",
        "value": "0 -84px"
      }
    ]
  },
  {
    "type": "rule",
    "selectors": [
      ".button.calendar.icon:hover:before",
      ".button.calendar.icon:focus:before",
      ".button.calendar.icon:active:before"
    ],
    "declarations": [
      {
        "type": "declaration",
        "property": "background-position",
        "value": "-12px -84px"
      }
    ]
  },
  {
    "type": "rule",
    "selectors": [
      ".button.chat.icon:before"
    ],
    "declarations": [
      {
        "type": "declaration",
        "property": "background-position",
        "value": "0 -96px"
      }
    ]
  },
  {
    "type": "rule",
    "selectors": [
      ".button.chat.icon:hover:before",
      ".button.chat.icon:focus:before",
      ".button.chat.icon:active:before"
    ],
    "declarations": [
      {
        "type": "declaration",
        "property": "background-position",
        "value": "-12px -96px"
      }
    ]
  },
  {
    "type": "rule",
    "selectors": [
      ".button.clock.icon:before"
    ],
    "declarations": [
      {
        "type": "declaration",
        "property": "background-position",
        "value": "0 -108px"
      }
    ]
  },
  {
    "type": "rule",
    "selectors": [
      ".button.clock.icon:hover:before",
      ".button.clock.icon:focus:before",
      ".button.clock.icon:active:before"
    ],
    "declarations": [
      {
        "type": "declaration",
        "property": "background-position",
        "value": "-12px -108px"
      }
    ]
  },
  {
    "type": "rule",
    "selectors": [
      ".button.settings.icon:before"
    ],
    "declarations": [
      {
        "type": "declaration",
        "property": "background-position",
        "value": "0 -120px"
      }
    ]
  },
  {
    "type": "rule",
    "selectors": [
      ".button.settings.icon:hover:before",
      ".button.settings.icon:focus:before",
      ".button.settings.icon:active:before"
    ],
    "declarations": [
      {
        "type": "declaration",
        "property": "background-position",
        "value": "-12px -120px"
      }
    ]
  },
  {
    "type": "rule",
    "selectors": [
      ".button.comment.icon:before"
    ],
    "declarations": [
      {
        "type": "declaration",
        "property": "background-position",
        "value": "0 -132px"
      }
    ]
  },
  {
    "type": "rule",
    "selectors": [
      ".button.comment.icon:hover:before",
      ".button.comment.icon:focus:before",
      ".button.comment.icon:active:before"
    ],
    "declarations": [
      {
        "type": "declaration",
        "property": "background-position",
        "value": "-12px -132px"
      }
    ]
  },
  {
    "type": "rule",
    "selectors": [
      ".button.fork.icon:before"
    ],
    "declarations": [
      {
        "type": "declaration",
        "property": "background-position",
        "value": "0 -144px"
      }
    ]
  },
  {
    "type": "rule",
    "selectors": [
      ".button.fork.icon:hover:before",
      ".button.fork.icon:focus:before",
      ".button.fork.icon:active:before"
    ],
    "declarations": [
      {
        "type": "declaration",
        "property": "background-position",
        "value": "-12px -144px"
      }
    ]
  },
  {
    "type": "rule",
    "selectors": [
      ".button.like.icon:before"
    ],
    "declarations": [
      {
        "type": "declaration",
        "property": "background-position",
        "value": "0 -156px"
      }
    ]
  },
  {
    "type": "rule",
    "selectors": [
      ".button.like.icon:hover:before",
      ".button.like.icon:focus:before",
      ".button.like.icon:active:before"
    ],
    "declarations": [
      {
        "type": "declaration",
        "property": "background-position",
        "value": "-12px -156px"
      }
    ]
  },
  {
    "type": "rule",
    "selectors": [
      ".button.favorite.icon:before"
    ],
    "declarations": [
      {
        "type": "declaration",
        "property": "background-position",
        "value": "0 -348px"
      }
    ]
  },
  {
    "type": "rule",
    "selectors": [
      ".button.favorite.icon:hover:before",
      ".button.favorite.icon:focus:before",
      ".button.favorite.icon:active:before"
    ],
    "declarations": [
      {
        "type": "declaration",
        "property": "background-position",
        "value": "-12px -348px"
      }
    ]
  },
  {
    "type": "rule",
    "selectors": [
      ".button.home.icon:before"
    ],
    "declarations": [
      {
        "type": "declaration",
        "property": "background-position",
        "value": "0 -168px"
      }
    ]
  },
  {
    "type": "rule",
    "selectors": [
      ".button.home.icon:hover:before",
      ".button.home.icon:focus:before",
      ".button.home.icon:active:before"
    ],
    "declarations": [
      {
        "type": "declaration",
        "property": "background-position",
        "value": "-12px -168px"
      }
    ]
  },
  {
    "type": "rule",
    "selectors": [
      ".button.key.icon:before"
    ],
    "declarations": [
      {
        "type": "declaration",
        "property": "background-position",
        "value": "0 -180px"
      }
    ]
  },
  {
    "type": "rule",
    "selectors": [
      ".button.key.icon:hover:before",
      ".button.key.icon:focus:before",
      ".button.key.icon:active:before"
    ],
    "declarations": [
      {
        "type": "declaration",
        "property": "background-position",
        "value": "-12px -180px"
      }
    ]
  },
  {
    "type": "rule",
    "selectors": [
      ".button.lock.icon:before"
    ],
    "declarations": [
      {
        "type": "declaration",
        "property": "background-position",
        "value": "0 -192px"
      }
    ]
  },
  {
    "type": "rule",
    "selectors": [
      ".button.lock.icon:hover:before",
      ".button.lock.icon:focus:before",
      ".button.lock.icon:active:before"
    ],
    "declarations": [
      {
        "type": "declaration",
        "property": "background-position",
        "value": "-12px -192px"
      }
    ]
  },
  {
    "type": "rule",
    "selectors": [
      ".button.unlock.icon:before"
    ],
    "declarations": [
      {
        "type": "declaration",
        "property": "background-position",
        "value": "0 -204px"
      }
    ]
  },
  {
    "type": "rule",
    "selectors": [
      ".button.unlock.icon:hover:before",
      ".button.unlock.icon:focus:before",
      ".button.unlock.icon:active:before"
    ],
    "declarations": [
      {
        "type": "declaration",
        "property": "background-position",
        "value": "-12px -204px"
      }
    ]
  },
  {
    "type": "rule",
    "selectors": [
      ".button.loop.icon:before"
    ],
    "declarations": [
      {
        "type": "declaration",
        "property": "background-position",
        "value": "0 -216px"
      }
    ]
  },
  {
    "type": "rule",
    "selectors": [
      ".button.loop.icon:hover:before",
      ".button.loop.icon:focus:before",
      ".button.loop.icon:active:before"
    ],
    "declarations": [
      {
        "type": "declaration",
        "property": "background-position",
        "value": "-12px -216px"
      }
    ]
  },
  {
    "type": "rule",
    "selectors": [
      ".button.search.icon:before"
    ],
    "declarations": [
      {
        "type": "declaration",
        "property": "background-position",
        "value": "0 -228px"
      }
    ]
  },
  {
    "type": "rule",
    "selectors": [
      ".button.search.icon:hover:before",
      ".button.search.icon:focus:before",
      ".button.search.icon:active:before"
    ],
    "declarations": [
      {
        "type": "declaration",
        "property": "background-position",
        "value": "-12px -228px"
      }
    ]
  },
  {
    "type": "rule",
    "selectors": [
      ".button.mail.icon:before"
    ],
    "declarations": [
      {
        "type": "declaration",
        "property": "background-position",
        "value": "0 -240px"
      }
    ]
  },
  {
    "type": "rule",
    "selectors": [
      ".button.mail.icon:hover:before",
      ".button.mail.icon:focus:before",
      ".button.mail.icon:active:before"
    ],
    "declarations": [
      {
        "type": "declaration",
        "property": "background-position",
        "value": "-12px -240px"
      }
    ]
  },
  {
    "type": "rule",
    "selectors": [
      ".button.move.icon:before"
    ],
    "declarations": [
      {
        "type": "declaration",
        "property": "background-position",
        "value": "0 -252px"
      }
    ]
  },
  {
    "type": "rule",
    "selectors": [
      ".button.move.icon:hover:before",
      ".button.move.icon:focus:before",
      ".button.move.icon:active:before"
    ],
    "declarations": [
      {
        "type": "declaration",
        "property": "background-position",
        "value": "-12px -252px"
      }
    ]
  },
  {
    "type": "rule",
    "selectors": [
      ".button.edit.icon:before"
    ],
    "declarations": [
      {
        "type": "declaration",
        "property": "background-position",
        "value": "0 -264px"
      }
    ]
  },
  {
    "type": "rule",
    "selectors": [
      ".button.edit.icon:hover:before",
      ".button.edit.icon:focus:before",
      ".button.edit.icon:active:before"
    ],
    "declarations": [
      {
        "type": "declaration",
        "property": "background-position",
        "value": "-12px -264px"
      }
    ]
  },
  {
    "type": "rule",
    "selectors": [
      ".button.pin.icon:before"
    ],
    "declarations": [
      {
        "type": "declaration",
        "property": "background-position",
        "value": "0 -276px"
      }
    ]
  },
  {
    "type": "rule",
    "selectors": [
      ".button.pin.icon:hover:before",
      ".button.pin.icon:focus:before",
      ".button.pin.icon:active:before"
    ],
    "declarations": [
      {
        "type": "declaration",
        "property": "background-position",
        "value": "-12px -276px"
      }
    ]
  },
  {
    "type": "rule",
    "selectors": [
      ".button.reload.icon:before"
    ],
    "declarations": [
      {
        "type": "declaration",
        "property": "background-position",
        "value": "0 -300px"
      }
    ]
  },
  {
    "type": "rule",
    "selectors": [
      ".button.reload.icon:hover:before",
      ".button.reload.icon:focus:before",
      ".button.reload.icon:active:before"
    ],
    "declarations": [
      {
        "type": "declaration",
        "property": "background-position",
        "value": "-12px -300px"
      }
    ]
  },
  {
    "type": "rule",
    "selectors": [
      ".button.rss.icon:before"
    ],
    "declarations": [
      {
        "type": "declaration",
        "property": "background-position",
        "value": "0 -312px"
      }
    ]
  },
  {
    "type": "rule",
    "selectors": [
      ".button.rss.icon:hover:before",
      ".button.rss.icon:focus:before",
      ".button.rss.icon:active:before"
    ],
    "declarations": [
      {
        "type": "declaration",
        "property": "background-position",
        "value": "-12px -312px"
      }
    ]
  },
  {
    "type": "rule",
    "selectors": [
      ".button.tag.icon:before"
    ],
    "declarations": [
      {
        "type": "declaration",
        "property": "background-position",
        "value": "0 -324px"
      }
    ]
  },
  {
    "type": "rule",
    "selectors": [
      ".button.tag.icon:hover:before",
      ".button.tag.icon:focus:before",
      ".button.tag.icon:active:before"
    ],
    "declarations": [
      {
        "type": "declaration",
        "property": "background-position",
        "value": "-12px -324px"
      }
    ]
  },
  {
    "type": "rule",
    "selectors": [
      ".button.trash.icon:before"
    ],
    "declarations": [
      {
        "type": "declaration",
        "property": "background-position",
        "value": "0 -336px"
      }
    ]
  },
  {
    "type": "rule",
    "selectors": [
      ".button.trash.icon:hover:before",
      ".button.trash.icon:focus:before",
      ".button.trash.icon:active:before"
    ],
    "declarations": [
      {
        "type": "declaration",
        "property": "background-position",
        "value": "-12px -336px"
      }
    ]
  },
  {
    "type": "rule",
    "selectors": [
      ".button.user.icon:before"
    ],
    "declarations": [
      {
        "type": "declaration",
        "property": "background-position",
        "value": "0 -360px"
      }
    ]
  },
  {
    "type": "rule",
    "selectors": [
      ".button.user.icon:hover:before",
      ".button.user.icon:focus:before",
      ".button.user.icon:active:before"
    ],
    "declarations": [
      {
        "type": "declaration",
        "property": "background-position",
        "value": "-12px -360px"
      }
    ]
  },
  {
    "type": "rule",
    "selectors": [
      ".button.primary"
    ],
    "declarations": [
      {
        "type": "declaration",
        "property": "font-weight",
        "value": "bold"
      }
    ]
  },
  {
    "type": "rule",
    "selectors": [
      ".button.danger"
    ],
    "declarations": [
      {
        "type": "declaration",
        "property": "color",
        "value": "#900"
      }
    ]
  },
  {
    "type": "rule",
    "selectors": [
      ".button.danger:hover",
      ".button.danger:focus",
      ".button.danger:active"
    ],
    "declarations": [
      {
        "type": "declaration",
        "property": "border-color",
        "value": "#b53f3a"
      },
      {
        "type": "declaration",
        "property": "border-bottom-color",
        "value": "#a0302a"
      },
      {
        "type": "declaration",
        "property": "color",
        "value": "#fff"
      },
      {
        "type": "declaration",
        "property": "background-color",
        "value": "#dc5f59"
      },
      {
        "type": "declaration",
        "property": "background-image",
        "value": "-webkit-gradient(linear, 0 0, 0 100%, from(#dc5f59), to(#b33630))"
      },
      {
        "type": "declaration",
        "property": "background-image",
        "value": "-moz-linear-gradient(#dc5f59, #b33630)"
      },
      {
        "type": "declaration",
        "property": "background-image",
        "value": "-ms-linear-gradient(#dc5f59, #b33630)"
      },
      {
        "type": "declaration",
        "property": "background-image",
        "value": "-o-linear-gradient(#dc5f59, #b33630)"
      },
      {
        "type": "declaration",
        "property": "background-image",
        "value": "linear-gradient(#dc5f59, #b33630)"
      }
    ]
  },
  {
    "type": "rule",
    "selectors": [
      ".button.danger:active",
      ".button.danger.active"
    ],
    "declarations": [
      {
        "type": "declaration",
        "property": "border-color",
        "value": "#a0302a"
      },
      {
        "type": "declaration",
        "property": "border-bottom-color",
        "value": "#bf4843"
      },
      {
        "type": "declaration",
        "property": "background-color",
        "value": "#b33630"
      },
      {
        "type": "declaration",
        "property": "background-image",
        "value": "-webkit-gradient(linear, 0 0, 0 100%, from(#b33630), to(#dc5f59))"
      },
      {
        "type": "declaration",
        "property": "background-image",
        "value": "-moz-linear-gradient(#b33630, #dc5f59)"
      },
      {
        "type": "declaration",
        "property": "background-image",
        "value": "-ms-linear-gradient(#b33630, #dc5f59)"
      },
      {
        "type": "declaration",
        "property": "background-image",
        "value": "-o-linear-gradient(#b33630, #dc5f59)"
      },
      {
        "type": "declaration",
        "property": "background-image",
        "value": "linear-gradient(#b33630, #dc5f59)"
      }
    ]
  },
  {
    "type": "rule",
    "selectors": [
      ".button.pill"
    ],
    "declarations": [
      {
        "type": "declaration",
        "property": "border-radius",
        "value": "50em"
      }
    ]
  },
  {
    "type": "rule",
    "selectors": [
      ".button.disable"
    ],
    "declarations": [
      {
        "type": "declaration",
        "property": "opacity",
        "value": "0.5"
      }
    ]
  },
  {
    "type": "rule",
    "selectors": [
      ".button.big"
    ],
    "declarations": [
      {
        "type": "declaration",
        "property": "font-size",
        "value": "14px"
      }
    ]
  },
  {
    "type": "rule",
    "selectors": [
      ".button.big.icon:before"
    ],
    "declarations": [
      {
        "type": "declaration",
        "property": "top",
        "value": "0"
      }
    ]
  },
  {
    "type": "rule",
    "selectors": [
      ".button-group"
    ],
    "declarations": [
      {
        "type": "declaration",
        "property": "display",
        "value": "inline-block"
      },
      {
        "type": "declaration",
        "property": "list-style",
        "value": "none"
      },
      {
        "type": "declaration",
        "property": "padding",
        "value": "0"
      },
      {
        "type": "declaration",
        "property": "margin",
        "value": "0"
      },
      {
        "type": "declaration",
        "property": "zoom",
        "value": "1"
      },
      {
        "type": "declaration",
        "property": "*display",
        "value": "inline"
      }
    ]
  },
  {
    "type": "rule",
    "selectors": [
      ".button + .button",
      ".button + .button-group",
      ".button-group + .button",
      ".button-group + .button-group"
    ],
    "declarations": [
      {
        "type": "declaration",
        "property": "margin-left",
        "value": "15px"
      }
    ]
  },
  {
    "type": "rule",
    "selectors": [
      ".button-group li"
    ],
    "declarations": [
      {
        "type": "declaration",
        "property": "float",
        "value": "left"
      },
      {
        "type": "declaration",
        "property": "padding",
        "value": "0"
      },
      {
        "type": "declaration",
        "property": "margin",
        "value": "0"
      }
    ]
  },
  {
    "type": "rule",
    "selectors": [
      ".button-group .button"
    ],
    "declarations": [
      {
        "type": "declaration",
        "property": "float",
        "value": "left"
      },
      {
        "type": "declaration",
        "property": "margin-left",
        "value": "-1px"
      }
    ]
  },
  {
    "type": "rule",
    "selectors": [
      ".button-group > .button:not(:first-child):not(:last-child)",
      ".button-group li:not(:first-child):not(:last-child) .button"
    ],
    "declarations": [
      {
        "type": "declaration",
        "property": "border-radius",
        "value": "0"
      }
    ]
  },
  {
    "type": "rule",
    "selectors": [
      ".button-group > .button:first-child",
      ".button-group li:first-child .button"
    ],
    "declarations": [
      {
        "type": "declaration",
        "property": "margin-left",
        "value": "0"
      },
      {
        "type": "declaration",
        "property": "border-top-right-radius",
        "value": "0"
      },
      {
        "type": "declaration",
        "property": "border-bottom-right-radius",
        "value": "0"
      }
    ]
  },
  {
    "type": "rule",
    "selectors": [
      ".button-group > .button:last-child",
      ".button-group li:last-child > .button"
    ],
    "declarations": [
      {
        "type": "declaration",
        "property": "border-top-left-radius",
        "value": "0"
      },
      {
        "type": "declaration",
        "property": "border-bottom-left-radius",
        "value": "0"
      }
    ]
  },
  {
    "type": "rule",
    "selectors": [
      ".button-group.minor-group .button"
    ],
    "declarations": [
      {
        "type": "declaration",
        "property": "border",
        "value": "1px solid #d4d4d4"
      },
      {
        "type": "declaration",
        "property": "text-shadow",
        "value": "none"
      },
      {
        "type": "declaration",
        "property": "background-image",
        "value": "none"
      },
      {
        "type": "declaration",
        "property": "background-color",
        "value": "#fff"
      }
    ]
  },
  {
    "type": "rule",
    "selectors": [
      ".button-group.minor-group .button:hover",
      ".button-group.minor-group .button:focus"
    ],
    "declarations": [
      {
        "type": "declaration",
        "property": "background-color",
        "value": "#599bdc"
      }
    ]
  },
  {
    "type": "rule",
    "selectors": [
      ".button-group.minor-group .button:active",
      ".button-group.minor-group .button.active"
    ],
    "declarations": [
      {
        "type": "declaration",
        "property": "background-color",
        "value": "#3072b3"
      }
    ]
  },
  {
    "type": "rule",
    "selectors": [
      ".button-group.minor-group .button.icon:before"
    ],
    "declarations": [
      {
        "type": "declaration",
        "property": "opacity",
        "value": "0.8"
      }
    ]
  },
  {
    "type": "rule",
    "selectors": [
      ".button-container .button",
      ".button-container .button-group"
    ],
    "declarations": [
      {
        "type": "declaration",
        "property": "vertical-align",
        "value": "top"
      }
    ]
  }
]